#1730753617988 | took 5ms | statement | connection 0| url jdbc:p6spy:postgresql://localhost:5432/ordersdb
insert into ordine(total, client_id, date_ordine, id) values (13.20,4,'2020-09-17',5)
insert into ordine(total, client_id, date_ordine, id) values (13.20,4,'2020-09-17',5);
#1730753617990 | took 1ms | statement | connection 0| url jdbc:p6spy:postgresql://localhost:5432/ordersdb
insert into bill(total_amount,date_bill,ordine_id,id) values (13.20,'2020-09-17',5,5)
insert into bill(total_amount,date_bill,ordine_id,id) values (13.20,'2020-09-17',5,5);
#1730753617992 | took 2ms | statement | connection 0| url jdbc:p6spy:postgresql://localhost:5432/ordersdb
INSERT INTO public.order_product(ordine_id, product_id) values (5,2)
INSERT INTO public.order_product(ordine_id, product_id) values (5,2);
#1730753617996 | took 2ms | statement | connection 0| url jdbc:p6spy:postgresql://localhost:5432/ordersdb
ALTER SEQUENCE public.ordine_id_seq INCREMENT BY 1 START 6 RESTART 6
ALTER SEQUENCE public.ordine_id_seq INCREMENT BY 1 START 6 RESTART 6;
#1730753617998 | took 2ms | statement | connection 0| url jdbc:p6spy:postgresql://localhost:5432/ordersdb
ALTER SEQUENCE public.bill_id_seq INCREMENT BY 1 START 6 RESTART 6
ALTER SEQUENCE public.bill_id_seq INCREMENT BY 1 START 6 RESTART 6;
#1730753618002 | took 2ms | statement | connection 0| url jdbc:p6spy:postgresql://localhost:5432/ordersdb
commit
commit;
#1730753619796 | took 3ms | statement | connection 0| url jdbc:p6spy:postgresql://localhost:5432/ordersdb

    alter table if exists bill 
       drop constraint if exists FKpe181bmgsvp6khm02aoq4wsuh

    alter table if exists bill 
       drop constraint if exists FKpe181bmgsvp6khm02aoq4wsuh;
#1730753619797 | took 1ms | statement | connection 0| url jdbc:p6spy:postgresql://localhost:5432/ordersdb

    alter table if exists order_product 
       drop constraint if exists FKhnfgqyjx3i80qoymrssls3kno

    alter table if exists order_product 
       drop constraint if exists FKhnfgqyjx3i80qoymrssls3kno;
#1730753619799 | took 0ms | statement | connection 0| url jdbc:p6spy:postgresql://localhost:5432/ordersdb

    alter table if exists order_product 
       drop constraint if exists FKgrd3jb8u2hfle5m6p1in9fn9e

    alter table if exists order_product 
       drop constraint if exists FKgrd3jb8u2hfle5m6p1in9fn9e;
#1730753619800 | took 0ms | statement | connection 0| url jdbc:p6spy:postgresql://localhost:5432/ordersdb

    alter table if exists ordine 
       drop constraint if exists FKpjxj2r7o8pqyi7ynhdv26ovgq

    alter table if exists ordine 
       drop constraint if exists FKpjxj2r7o8pqyi7ynhdv26ovgq;
#1730753619803 | took 2ms | statement | connection 0| url jdbc:p6spy:postgresql://localhost:5432/ordersdb

    drop table if exists bill cascade

    drop table if exists bill cascade;
#1730753619804 | took 1ms | statement | connection 0| url jdbc:p6spy:postgresql://localhost:5432/ordersdb

    drop table if exists client cascade

    drop table if exists client cascade;
#1730753619806 | took 1ms | statement | connection 0| url jdbc:p6spy:postgresql://localhost:5432/ordersdb

    drop table if exists order_product cascade

    drop table if exists order_product cascade;
#1730753619808 | took 1ms | statement | connection 0| url jdbc:p6spy:postgresql://localhost:5432/ordersdb

    drop table if exists ordine cascade

    drop table if exists ordine cascade;
#1730753619810 | took 1ms | statement | connection 0| url jdbc:p6spy:postgresql://localhost:5432/ordersdb

    drop table if exists product cascade

    drop table if exists product cascade;
#1730753619824 | took 9ms | statement | connection 0| url jdbc:p6spy:postgresql://localhost:5432/ordersdb

    create table bill (
        total_amount float(34) not null,
        date_bill timestamp(6) not null,
        id bigint generated by default as identity,
        ordine_id bigint not null unique,
        primary key (id)
    )

    create table bill (
        total_amount float(34) not null,
        date_bill timestamp(6) not null,
        id bigint generated by default as identity,
        ordine_id bigint not null unique,
        primary key (id)
    );
#1730753619828 | took 3ms | statement | connection 0| url jdbc:p6spy:postgresql://localhost:5432/ordersdb

    create table client (
        id bigint generated by default as identity,
        name varchar(100) not null,
        email varchar(255),
        primary key (id)
    )

    create table client (
        id bigint generated by default as identity,
        name varchar(100) not null,
        email varchar(255),
        primary key (id)
    );
#1730753619831 | took 2ms | statement | connection 0| url jdbc:p6spy:postgresql://localhost:5432/ordersdb

    create table order_product (
        ordine_id bigint not null,
        product_id bigint not null
    )

    create table order_product (
        ordine_id bigint not null,
        product_id bigint not null
    );
#1730753619839 | took 7ms | statement | connection 0| url jdbc:p6spy:postgresql://localhost:5432/ordersdb

    create table ordine (
        total float(34) not null,
        client_id bigint not null,
        date_ordine timestamp(6) not null,
        id bigint generated by default as identity,
        primary key (id)
    )

    create table ordine (
        total float(34) not null,
        client_id bigint not null,
        date_ordine timestamp(6) not null,
        id bigint generated by default as identity,
        primary key (id)
    );
#1730753619844 | took 3ms | statement | connection 0| url jdbc:p6spy:postgresql://localhost:5432/ordersdb

    create table product (
        price float(34) not null,
        id bigint generated by default as identity,
        name varchar(100) not null,
        primary key (id)
    )

    create table product (
        price float(34) not null,
        id bigint generated by default as identity,
        name varchar(100) not null,
        primary key (id)
    );
#1730753619848 | took 2ms | statement | connection 0| url jdbc:p6spy:postgresql://localhost:5432/ordersdb

    alter table if exists bill 
       add constraint FKpe181bmgsvp6khm02aoq4wsuh 
       foreign key (ordine_id) 
       references ordine

    alter table if exists bill 
       add constraint FKpe181bmgsvp6khm02aoq4wsuh 
       foreign key (ordine_id) 
       references ordine;
#1730753619849 | took 1ms | statement | connection 0| url jdbc:p6spy:postgresql://localhost:5432/ordersdb

    alter table if exists order_product 
       add constraint FKhnfgqyjx3i80qoymrssls3kno 
       foreign key (product_id) 
       references product

    alter table if exists order_product 
       add constraint FKhnfgqyjx3i80qoymrssls3kno 
       foreign key (product_id) 
       references product;
#1730753619850 | took 0ms | statement | connection 0| url jdbc:p6spy:postgresql://localhost:5432/ordersdb

    alter table if exists order_product 
       add constraint FKgrd3jb8u2hfle5m6p1in9fn9e 
       foreign key (ordine_id) 
       references ordine

    alter table if exists order_product 
       add constraint FKgrd3jb8u2hfle5m6p1in9fn9e 
       foreign key (ordine_id) 
       references ordine;
#1730753619852 | took 1ms | statement | connection 0| url jdbc:p6spy:postgresql://localhost:5432/ordersdb

    alter table if exists ordine 
       add constraint FKpjxj2r7o8pqyi7ynhdv26ovgq 
       foreign key (client_id) 
       references client

    alter table if exists ordine 
       add constraint FKpjxj2r7o8pqyi7ynhdv26ovgq 
       foreign key (client_id) 
       references client;
#1730753619854 | took 0ms | statement | connection 0| url jdbc:p6spy:postgresql://localhost:5432/ordersdb
insert into client(id,email,name) values (1,'maria2000@gmail.com','Maria')
insert into client(id,email,name) values (1,'maria2000@gmail.com','Maria');
#1730753619855 | took 0ms | statement | connection 0| url jdbc:p6spy:postgresql://localhost:5432/ordersdb
insert into client(id,email,name) values (2,'federico2000@gmail.com','Federico')
insert into client(id,email,name) values (2,'federico2000@gmail.com','Federico');
#1730753619855 | took 0ms | statement | connection 0| url jdbc:p6spy:postgresql://localhost:5432/ordersdb
insert into client(id,email,name) values (3,'carlos2000@gmail.com','Carlos')
insert into client(id,email,name) values (3,'carlos2000@gmail.com','Carlos');
#1730753619856 | took 0ms | statement | connection 0| url jdbc:p6spy:postgresql://localhost:5432/ordersdb
insert into client(id,email,name) values (4,'camila2000@gmail.com','Camila')
insert into client(id,email,name) values (4,'camila2000@gmail.com','Camila');
#1730753619856 | took 0ms | statement | connection 0| url jdbc:p6spy:postgresql://localhost:5432/ordersdb
insert into product(id,price,name) values (1,20.0,'Shampoo')
insert into product(id,price,name) values (1,20.0,'Shampoo');
#1730753619857 | took 0ms | statement | connection 0| url jdbc:p6spy:postgresql://localhost:5432/ordersdb
insert into product(id,price,name) values (2,15.4,'Soap')
insert into product(id,price,name) values (2,15.4,'Soap');
#1730753619857 | took 0ms | statement | connection 0| url jdbc:p6spy:postgresql://localhost:5432/ordersdb
insert into product(id,price,name) values (3,10.0,'Oil')
insert into product(id,price,name) values (3,10.0,'Oil');
#1730753619858 | took 0ms | statement | connection 0| url jdbc:p6spy:postgresql://localhost:5432/ordersdb
insert into product(id,price,name) values (4,13.20,'toothbrush')
insert into product(id,price,name) values (4,13.20,'toothbrush');
#1730753619859 | took 0ms | statement | connection 0| url jdbc:p6spy:postgresql://localhost:5432/ordersdb
insert into ordine(total, client_id, date_ordine, id) values (20.0,1,'2020-09-20',1)
insert into ordine(total, client_id, date_ordine, id) values (20.0,1,'2020-09-20',1);
#1730753619859 | took 0ms | statement | connection 0| url jdbc:p6spy:postgresql://localhost:5432/ordersdb
insert into ordine(total, client_id, date_ordine, id) values (15.4,2,'2020-09-19',2)
insert into ordine(total, client_id, date_ordine, id) values (15.4,2,'2020-09-19',2);
#1730753619860 | took 0ms | statement | connection 0| url jdbc:p6spy:postgresql://localhost:5432/ordersdb
insert into ordine(total, client_id, date_ordine, id) values (10.0,3,'2020-09-19',3)
insert into ordine(total, client_id, date_ordine, id) values (10.0,3,'2020-09-19',3);
#1730753619861 | took 1ms | statement | connection 0| url jdbc:p6spy:postgresql://localhost:5432/ordersdb
insert into ordine(total, client_id, date_ordine, id) values (13.20,4,'2020-09-17',4)
insert into ordine(total, client_id, date_ordine, id) values (13.20,4,'2020-09-17',4);
#1730753619862 | took 1ms | statement | connection 0| url jdbc:p6spy:postgresql://localhost:5432/ordersdb
insert into bill(total_amount,date_bill,ordine_id,id) values (20.0,'2020-09-20',1,1)
insert into bill(total_amount,date_bill,ordine_id,id) values (20.0,'2020-09-20',1,1);
#1730753619863 | took 0ms | statement | connection 0| url jdbc:p6spy:postgresql://localhost:5432/ordersdb
insert into bill(total_amount,date_bill,ordine_id,id) values (15.4,'2020-09-19',2,2)
insert into bill(total_amount,date_bill,ordine_id,id) values (15.4,'2020-09-19',2,2);
#1730753619863 | took 0ms | statement | connection 0| url jdbc:p6spy:postgresql://localhost:5432/ordersdb
insert into bill(total_amount,date_bill,ordine_id,id) values (10.0,'2020-09-19',3,3)
insert into bill(total_amount,date_bill,ordine_id,id) values (10.0,'2020-09-19',3,3);
#1730753619863 | took 0ms | statement | connection 0| url jdbc:p6spy:postgresql://localhost:5432/ordersdb
insert into bill(total_amount,date_bill,ordine_id,id) values (13.20,'2020-09-17',4,4)
insert into bill(total_amount,date_bill,ordine_id,id) values (13.20,'2020-09-17',4,4);
#1730753619865 | took 0ms | statement | connection 0| url jdbc:p6spy:postgresql://localhost:5432/ordersdb
INSERT INTO public.order_product(ordine_id, product_id) values (1,1)
INSERT INTO public.order_product(ordine_id, product_id) values (1,1);
#1730753619866 | took 0ms | statement | connection 0| url jdbc:p6spy:postgresql://localhost:5432/ordersdb
INSERT INTO public.order_product(ordine_id, product_id) values (1,2)
INSERT INTO public.order_product(ordine_id, product_id) values (1,2);
#1730753619867 | took 0ms | statement | connection 0| url jdbc:p6spy:postgresql://localhost:5432/ordersdb
INSERT INTO public.order_product(ordine_id, product_id) values (2,2)
INSERT INTO public.order_product(ordine_id, product_id) values (2,2);
#1730753619868 | took 0ms | statement | connection 0| url jdbc:p6spy:postgresql://localhost:5432/ordersdb
INSERT INTO public.order_product(ordine_id, product_id) values (2,3)
INSERT INTO public.order_product(ordine_id, product_id) values (2,3);
#1730753619868 | took 0ms | statement | connection 0| url jdbc:p6spy:postgresql://localhost:5432/ordersdb
INSERT INTO public.order_product(ordine_id, product_id) values (3,1)
INSERT INTO public.order_product(ordine_id, product_id) values (3,1);
#1730753619869 | took 0ms | statement | connection 0| url jdbc:p6spy:postgresql://localhost:5432/ordersdb
INSERT INTO public.order_product(ordine_id, product_id) values (3,4)
INSERT INTO public.order_product(ordine_id, product_id) values (3,4);
#1730753619870 | took 0ms | statement | connection 0| url jdbc:p6spy:postgresql://localhost:5432/ordersdb
INSERT INTO public.order_product(ordine_id, product_id) values (4,1)
INSERT INTO public.order_product(ordine_id, product_id) values (4,1);
#1730753619870 | took 0ms | statement | connection 0| url jdbc:p6spy:postgresql://localhost:5432/ordersdb
INSERT INTO public.order_product(ordine_id, product_id) values (4,4)
INSERT INTO public.order_product(ordine_id, product_id) values (4,4);
#1730753619873 | took 2ms | statement | connection 0| url jdbc:p6spy:postgresql://localhost:5432/ordersdb
ALTER SEQUENCE public.client_id_seq INCREMENT BY 1 START 5 RESTART 5
ALTER SEQUENCE public.client_id_seq INCREMENT BY 1 START 5 RESTART 5;
#1730753619875 | took 1ms | statement | connection 0| url jdbc:p6spy:postgresql://localhost:5432/ordersdb
ALTER SEQUENCE public.ordine_id_seq INCREMENT BY 1 START 5	RESTART 5
ALTER SEQUENCE public.ordine_id_seq INCREMENT BY 1 START 5	RESTART 5;
#1730753619876 | took 1ms | statement | connection 0| url jdbc:p6spy:postgresql://localhost:5432/ordersdb
ALTER SEQUENCE public.product_id_seq INCREMENT BY 1 START 5 RESTART 5
ALTER SEQUENCE public.product_id_seq INCREMENT BY 1 START 5 RESTART 5;
#1730753619879 | took 2ms | statement | connection 0| url jdbc:p6spy:postgresql://localhost:5432/ordersdb
ALTER SEQUENCE public.bill_id_seq INCREMENT BY 1 START 5 RESTART 5
ALTER SEQUENCE public.bill_id_seq INCREMENT BY 1 START 5 RESTART 5;
#1730753619879 | took 0ms | statement | connection 0| url jdbc:p6spy:postgresql://localhost:5432/ordersdb
commit
commit;
#1730753712345 | took 6ms | statement | connection 0| url jdbc:p6spy:postgresql://localhost:5432/ordersdb
insert into ordine(total, client_id, date_ordine, id) values (13.20,4,'2020-09-17',5)
insert into ordine(total, client_id, date_ordine, id) values (13.20,4,'2020-09-17',5);
#1730753712348 | took 2ms | statement | connection 0| url jdbc:p6spy:postgresql://localhost:5432/ordersdb
insert into bill(total_amount,date_bill,ordine_id,id) values (13.20,'2020-09-17',5,5)
insert into bill(total_amount,date_bill,ordine_id,id) values (13.20,'2020-09-17',5,5);
#1730753712352 | took 3ms | statement | connection 0| url jdbc:p6spy:postgresql://localhost:5432/ordersdb
INSERT INTO public.order_product(ordine_id, product_id) values (5,2)
INSERT INTO public.order_product(ordine_id, product_id) values (5,2);
#1730753712356 | took 4ms | statement | connection 0| url jdbc:p6spy:postgresql://localhost:5432/ordersdb
ALTER SEQUENCE public.ordine_id_seq INCREMENT BY 1 START 6 RESTART 6
ALTER SEQUENCE public.ordine_id_seq INCREMENT BY 1 START 6 RESTART 6;
#1730753712359 | took 3ms | statement | connection 0| url jdbc:p6spy:postgresql://localhost:5432/ordersdb
ALTER SEQUENCE public.bill_id_seq INCREMENT BY 1 START 6 RESTART 6
ALTER SEQUENCE public.bill_id_seq INCREMENT BY 1 START 6 RESTART 6;
#1730753712363 | took 4ms | statement | connection 0| url jdbc:p6spy:postgresql://localhost:5432/ordersdb
commit
commit;
#1730753714218 | took 1ms | statement | connection 0| url jdbc:p6spy:postgresql://localhost:5432/ordersdb

    alter table if exists bill 
       drop constraint if exists FKpe181bmgsvp6khm02aoq4wsuh

    alter table if exists bill 
       drop constraint if exists FKpe181bmgsvp6khm02aoq4wsuh;
#1730753714219 | took 0ms | statement | connection 0| url jdbc:p6spy:postgresql://localhost:5432/ordersdb

    alter table if exists order_product 
       drop constraint if exists FKhnfgqyjx3i80qoymrssls3kno

    alter table if exists order_product 
       drop constraint if exists FKhnfgqyjx3i80qoymrssls3kno;
#1730753714220 | took 0ms | statement | connection 0| url jdbc:p6spy:postgresql://localhost:5432/ordersdb

    alter table if exists order_product 
       drop constraint if exists FKgrd3jb8u2hfle5m6p1in9fn9e

    alter table if exists order_product 
       drop constraint if exists FKgrd3jb8u2hfle5m6p1in9fn9e;
#1730753714221 | took 0ms | statement | connection 0| url jdbc:p6spy:postgresql://localhost:5432/ordersdb

    alter table if exists ordine 
       drop constraint if exists FKpjxj2r7o8pqyi7ynhdv26ovgq

    alter table if exists ordine 
       drop constraint if exists FKpjxj2r7o8pqyi7ynhdv26ovgq;
#1730753714225 | took 3ms | statement | connection 0| url jdbc:p6spy:postgresql://localhost:5432/ordersdb

    drop table if exists bill cascade

    drop table if exists bill cascade;
#1730753714228 | took 3ms | statement | connection 0| url jdbc:p6spy:postgresql://localhost:5432/ordersdb

    drop table if exists client cascade

    drop table if exists client cascade;
#1730753714230 | took 1ms | statement | connection 0| url jdbc:p6spy:postgresql://localhost:5432/ordersdb

    drop table if exists order_product cascade

    drop table if exists order_product cascade;
#1730753714233 | took 2ms | statement | connection 0| url jdbc:p6spy:postgresql://localhost:5432/ordersdb

    drop table if exists ordine cascade

    drop table if exists ordine cascade;
#1730753714235 | took 2ms | statement | connection 0| url jdbc:p6spy:postgresql://localhost:5432/ordersdb

    drop table if exists product cascade

    drop table if exists product cascade;
#1730753714250 | took 9ms | statement | connection 0| url jdbc:p6spy:postgresql://localhost:5432/ordersdb

    create table bill (
        total_amount float(34) not null,
        date_bill timestamp(6) not null,
        id bigint generated by default as identity,
        ordine_id bigint not null unique,
        primary key (id)
    )

    create table bill (
        total_amount float(34) not null,
        date_bill timestamp(6) not null,
        id bigint generated by default as identity,
        ordine_id bigint not null unique,
        primary key (id)
    );
#1730753714254 | took 4ms | statement | connection 0| url jdbc:p6spy:postgresql://localhost:5432/ordersdb

    create table client (
        id bigint generated by default as identity,
        name varchar(100) not null,
        email varchar(255),
        primary key (id)
    )

    create table client (
        id bigint generated by default as identity,
        name varchar(100) not null,
        email varchar(255),
        primary key (id)
    );
#1730753714256 | took 1ms | statement | connection 0| url jdbc:p6spy:postgresql://localhost:5432/ordersdb

    create table order_product (
        ordine_id bigint not null,
        product_id bigint not null
    )

    create table order_product (
        ordine_id bigint not null,
        product_id bigint not null
    );
#1730753714261 | took 4ms | statement | connection 0| url jdbc:p6spy:postgresql://localhost:5432/ordersdb

    create table ordine (
        total float(34) not null,
        client_id bigint not null,
        date_ordine timestamp(6) not null,
        id bigint generated by default as identity,
        primary key (id)
    )

    create table ordine (
        total float(34) not null,
        client_id bigint not null,
        date_ordine timestamp(6) not null,
        id bigint generated by default as identity,
        primary key (id)
    );
#1730753714265 | took 4ms | statement | connection 0| url jdbc:p6spy:postgresql://localhost:5432/ordersdb

    create table product (
        price float(34) not null,
        id bigint generated by default as identity,
        name varchar(100) not null,
        primary key (id)
    )

    create table product (
        price float(34) not null,
        id bigint generated by default as identity,
        name varchar(100) not null,
        primary key (id)
    );
#1730753714270 | took 4ms | statement | connection 0| url jdbc:p6spy:postgresql://localhost:5432/ordersdb

    alter table if exists bill 
       add constraint FKpe181bmgsvp6khm02aoq4wsuh 
       foreign key (ordine_id) 
       references ordine

    alter table if exists bill 
       add constraint FKpe181bmgsvp6khm02aoq4wsuh 
       foreign key (ordine_id) 
       references ordine;
#1730753714273 | took 2ms | statement | connection 0| url jdbc:p6spy:postgresql://localhost:5432/ordersdb

    alter table if exists order_product 
       add constraint FKhnfgqyjx3i80qoymrssls3kno 
       foreign key (product_id) 
       references product

    alter table if exists order_product 
       add constraint FKhnfgqyjx3i80qoymrssls3kno 
       foreign key (product_id) 
       references product;
#1730753714275 | took 1ms | statement | connection 0| url jdbc:p6spy:postgresql://localhost:5432/ordersdb

    alter table if exists order_product 
       add constraint FKgrd3jb8u2hfle5m6p1in9fn9e 
       foreign key (ordine_id) 
       references ordine

    alter table if exists order_product 
       add constraint FKgrd3jb8u2hfle5m6p1in9fn9e 
       foreign key (ordine_id) 
       references ordine;
#1730753714278 | took 2ms | statement | connection 0| url jdbc:p6spy:postgresql://localhost:5432/ordersdb

    alter table if exists ordine 
       add constraint FKpjxj2r7o8pqyi7ynhdv26ovgq 
       foreign key (client_id) 
       references client

    alter table if exists ordine 
       add constraint FKpjxj2r7o8pqyi7ynhdv26ovgq 
       foreign key (client_id) 
       references client;
#1730753714280 | took 1ms | statement | connection 0| url jdbc:p6spy:postgresql://localhost:5432/ordersdb
insert into client(id,email,name) values (1,'maria2000@gmail.com','Maria')
insert into client(id,email,name) values (1,'maria2000@gmail.com','Maria');
#1730753714281 | took 0ms | statement | connection 0| url jdbc:p6spy:postgresql://localhost:5432/ordersdb
insert into client(id,email,name) values (2,'federico2000@gmail.com','Federico')
insert into client(id,email,name) values (2,'federico2000@gmail.com','Federico');
#1730753714282 | took 0ms | statement | connection 0| url jdbc:p6spy:postgresql://localhost:5432/ordersdb
insert into client(id,email,name) values (3,'carlos2000@gmail.com','Carlos')
insert into client(id,email,name) values (3,'carlos2000@gmail.com','Carlos');
#1730753714283 | took 0ms | statement | connection 0| url jdbc:p6spy:postgresql://localhost:5432/ordersdb
insert into client(id,email,name) values (4,'camila2000@gmail.com','Camila')
insert into client(id,email,name) values (4,'camila2000@gmail.com','Camila');
#1730753714284 | took 1ms | statement | connection 0| url jdbc:p6spy:postgresql://localhost:5432/ordersdb
insert into product(id,price,name) values (1,20.0,'Shampoo')
insert into product(id,price,name) values (1,20.0,'Shampoo');
#1730753714284 | took 0ms | statement | connection 0| url jdbc:p6spy:postgresql://localhost:5432/ordersdb
insert into product(id,price,name) values (2,15.4,'Soap')
insert into product(id,price,name) values (2,15.4,'Soap');
#1730753714285 | took 0ms | statement | connection 0| url jdbc:p6spy:postgresql://localhost:5432/ordersdb
insert into product(id,price,name) values (3,10.0,'Oil')
insert into product(id,price,name) values (3,10.0,'Oil');
#1730753714285 | took 0ms | statement | connection 0| url jdbc:p6spy:postgresql://localhost:5432/ordersdb
insert into product(id,price,name) values (4,13.20,'toothbrush')
insert into product(id,price,name) values (4,13.20,'toothbrush');
#1730753714287 | took 1ms | statement | connection 0| url jdbc:p6spy:postgresql://localhost:5432/ordersdb
insert into ordine(total, client_id, date_ordine, id) values (20.0,1,'2020-09-20',1)
insert into ordine(total, client_id, date_ordine, id) values (20.0,1,'2020-09-20',1);
#1730753714287 | took 0ms | statement | connection 0| url jdbc:p6spy:postgresql://localhost:5432/ordersdb
insert into ordine(total, client_id, date_ordine, id) values (15.4,2,'2020-09-19',2)
insert into ordine(total, client_id, date_ordine, id) values (15.4,2,'2020-09-19',2);
#1730753714288 | took 0ms | statement | connection 0| url jdbc:p6spy:postgresql://localhost:5432/ordersdb
insert into ordine(total, client_id, date_ordine, id) values (10.0,3,'2020-09-19',3)
insert into ordine(total, client_id, date_ordine, id) values (10.0,3,'2020-09-19',3);
#1730753714289 | took 0ms | statement | connection 0| url jdbc:p6spy:postgresql://localhost:5432/ordersdb
insert into ordine(total, client_id, date_ordine, id) values (13.20,4,'2020-09-17',4)
insert into ordine(total, client_id, date_ordine, id) values (13.20,4,'2020-09-17',4);
#1730753714290 | took 0ms | statement | connection 0| url jdbc:p6spy:postgresql://localhost:5432/ordersdb
insert into bill(total_amount,date_bill,ordine_id,id) values (20.0,'2020-09-20',1,1)
insert into bill(total_amount,date_bill,ordine_id,id) values (20.0,'2020-09-20',1,1);
#1730753714291 | took 0ms | statement | connection 0| url jdbc:p6spy:postgresql://localhost:5432/ordersdb
insert into bill(total_amount,date_bill,ordine_id,id) values (15.4,'2020-09-19',2,2)
insert into bill(total_amount,date_bill,ordine_id,id) values (15.4,'2020-09-19',2,2);
#1730753714292 | took 0ms | statement | connection 0| url jdbc:p6spy:postgresql://localhost:5432/ordersdb
insert into bill(total_amount,date_bill,ordine_id,id) values (10.0,'2020-09-19',3,3)
insert into bill(total_amount,date_bill,ordine_id,id) values (10.0,'2020-09-19',3,3);
#1730753714293 | took 0ms | statement | connection 0| url jdbc:p6spy:postgresql://localhost:5432/ordersdb
insert into bill(total_amount,date_bill,ordine_id,id) values (13.20,'2020-09-17',4,4)
insert into bill(total_amount,date_bill,ordine_id,id) values (13.20,'2020-09-17',4,4);
#1730753714294 | took 1ms | statement | connection 0| url jdbc:p6spy:postgresql://localhost:5432/ordersdb
INSERT INTO public.order_product(ordine_id, product_id) values (1,1)
INSERT INTO public.order_product(ordine_id, product_id) values (1,1);
#1730753714294 | took 0ms | statement | connection 0| url jdbc:p6spy:postgresql://localhost:5432/ordersdb
INSERT INTO public.order_product(ordine_id, product_id) values (1,2)
INSERT INTO public.order_product(ordine_id, product_id) values (1,2);
#1730753714295 | took 0ms | statement | connection 0| url jdbc:p6spy:postgresql://localhost:5432/ordersdb
INSERT INTO public.order_product(ordine_id, product_id) values (2,2)
INSERT INTO public.order_product(ordine_id, product_id) values (2,2);
#1730753714296 | took 0ms | statement | connection 0| url jdbc:p6spy:postgresql://localhost:5432/ordersdb
INSERT INTO public.order_product(ordine_id, product_id) values (2,3)
INSERT INTO public.order_product(ordine_id, product_id) values (2,3);
#1730753714297 | took 0ms | statement | connection 0| url jdbc:p6spy:postgresql://localhost:5432/ordersdb
INSERT INTO public.order_product(ordine_id, product_id) values (3,1)
INSERT INTO public.order_product(ordine_id, product_id) values (3,1);
#1730753714298 | took 0ms | statement | connection 0| url jdbc:p6spy:postgresql://localhost:5432/ordersdb
INSERT INTO public.order_product(ordine_id, product_id) values (3,4)
INSERT INTO public.order_product(ordine_id, product_id) values (3,4);
#1730753714299 | took 0ms | statement | connection 0| url jdbc:p6spy:postgresql://localhost:5432/ordersdb
INSERT INTO public.order_product(ordine_id, product_id) values (4,1)
INSERT INTO public.order_product(ordine_id, product_id) values (4,1);
#1730753714300 | took 0ms | statement | connection 0| url jdbc:p6spy:postgresql://localhost:5432/ordersdb
INSERT INTO public.order_product(ordine_id, product_id) values (4,4)
INSERT INTO public.order_product(ordine_id, product_id) values (4,4);
#1730753714302 | took 2ms | statement | connection 0| url jdbc:p6spy:postgresql://localhost:5432/ordersdb
ALTER SEQUENCE public.client_id_seq INCREMENT BY 1 START 5 RESTART 5
ALTER SEQUENCE public.client_id_seq INCREMENT BY 1 START 5 RESTART 5;
#1730753714306 | took 2ms | statement | connection 0| url jdbc:p6spy:postgresql://localhost:5432/ordersdb
ALTER SEQUENCE public.ordine_id_seq INCREMENT BY 1 START 5	RESTART 5
ALTER SEQUENCE public.ordine_id_seq INCREMENT BY 1 START 5	RESTART 5;
#1730753714309 | took 2ms | statement | connection 0| url jdbc:p6spy:postgresql://localhost:5432/ordersdb
ALTER SEQUENCE public.product_id_seq INCREMENT BY 1 START 5 RESTART 5
ALTER SEQUENCE public.product_id_seq INCREMENT BY 1 START 5 RESTART 5;
#1730753714312 | took 3ms | statement | connection 0| url jdbc:p6spy:postgresql://localhost:5432/ordersdb
ALTER SEQUENCE public.bill_id_seq INCREMENT BY 1 START 5 RESTART 5
ALTER SEQUENCE public.bill_id_seq INCREMENT BY 1 START 5 RESTART 5;
#1730753714313 | took 1ms | statement | connection 0| url jdbc:p6spy:postgresql://localhost:5432/ordersdb
commit
commit;
#1730753764167 | took 5ms | statement | connection 0| url jdbc:p6spy:postgresql://localhost:5432/ordersdb
select c1_0.id,c1_0.email,c1_0.name from client c1_0
select c1_0.id,c1_0.email,c1_0.name from client c1_0;
#1730753764208 | took 1ms | commit | connection 0| url jdbc:p6spy:postgresql://localhost:5432/ordersdb

;
